// Jest Snapshot v1, https://goo.gl/fbAQLP

exports[`Renderizar o componente corretamente 1`] = `
<div
  className="sc-beqWaB bVwooW"
>
  <div
    onClick={[Function]}
  >
    <svg
      fill="currentColor"
      height="1em"
      stroke="currentColor"
      strokeWidth="0"
      style={
        Object {
          "color": "#215581",
          "height": "40px",
          "padding": "5px",
          "width": "40px",
        }
      }
      viewBox="0 0 1024 1024"
      width="1em"
      xmlns="http://www.w3.org/2000/svg"
    >
      <path
        d="M732 120c0-4.4-3.6-8-8-8H300c-4.4 0-8 3.6-8 8v148h440V120zm120 212H172c-44.2 0-80 35.8-80 80v328c0 17.7 14.3 32 32 32h168v132c0 4.4 3.6 8 8 8h424c4.4 0 8-3.6 8-8V772h168c17.7 0 32-14.3 32-32V412c0-44.2-35.8-80-80-80zM664 844H360V568h304v276zm164-360c0 4.4-3.6 8-8 8h-40c-4.4 0-8-3.6-8-8v-40c0-4.4 3.6-8 8-8h40c4.4 0 8 3.6 8 8v40z"
      />
    </svg>
  </div>
  <svg
    fill="currentColor"
    height="1em"
    onClick={[Function]}
    stroke="currentColor"
    strokeWidth="0"
    style={
      Object {
        "color": "#215581",
        "height": "40px",
        "padding": "5px",
        "width": "30px",
      }
    }
    viewBox="0 0 448 512"
    width="1em"
    xmlns="http://www.w3.org/2000/svg"
  >
    <path
      d="M32 464a48 48 0 0 0 48 48h288a48 48 0 0 0 48-48V128H32zm272-256a16 16 0 0 1 32 0v224a16 16 0 0 1-32 0zm-96 0a16 16 0 0 1 32 0v224a16 16 0 0 1-32 0zm-96 0a16 16 0 0 1 32 0v224a16 16 0 0 1-32 0zM432 32H312l-9.4-18.7A24 24 0 0 0 281.1 0H166.8a23.72 23.72 0 0 0-21.4 13.3L136 32H16A16 16 0 0 0 0 48v32a16 16 0 0 0 16 16h416a16 16 0 0 0 16-16V48a16 16 0 0 0-16-16z"
    />
  </svg>
</div>
`;
